
> social-dm-saas@0.0.0 build
> vite build

[36mvite v7.3.1 [32mbuilding client environment for production...[36m[39m
transforming...
node.exe : Found 1 
warning while 
optimizing generated 
CSS:
At C:\Program Files\nod
ejs\npm.ps1:29 char:3
+   & $NODE_EXE 
$NPM_CLI_JS $args
+   ~~~~~~~~~~~~~~~~~~~
~~~~~~~~~~
    + CategoryInfo     
         : NotSpecifi  
  ed: (Found 1 warni   
 ng... generated CS    
S::String) [], Rem    
oteException
    + FullyQualifiedEr 
   rorId : NativeComm  
  andError
 

[2mΓöé   }[22m
[2mΓöé   .text-\[var\(
-text-dark\)\] {[22m
[2mΓöé[22m     
color: var(-text-dark);
[2mΓöå[22m           
     [33m[2m^--[22m 
Unexpected token Ident(
"-text-dark")[39m
[2mΓöå[22m
[2mΓöé   }[22m
[2mΓöé   
.text-\[white\] {[22m

[32mΓ£ô[39m 3132 modules transformed.
rendering chunks...
computing gzip size...
[2mdist/[22m[32mindex.html                 [39m[1m[2m    0.98 kB[22m[1m[22m[2m Γöé gzip:   0.48 kB[22m
[2mdist/[22m[35massets/index-BPvKH2PM.css  [39m[1m[2m   82.41 kB[22m[1m[22m[2m Γöé gzip:  14.48 kB[22m
[2mdist/[22m[36massets/index-DPMacPxs.js   [39m[1m[33m1,698.91 kB[39m[22m[2m Γöé gzip: 448.81 kB[22m
[33m
(!) Some chunks are 
larger than 500 kB 
after minification. 
Consider:
- Using dynamic 
import() to code-split 
the application
- Use build.rollupOptio
ns.output.manualChunks 
to improve chunking: ht
tps://rollupjs.org/conf
iguration-options/#outp
ut-manualchunks
- Adjust chunk size 
limit for this warning 
via build.chunkSizeWarn
ingLimit.[39m
[32mΓ£ô built in 19.76s[39m
